// Jest Snapshot v1, https://goo.gl/fbAQLP

exports[`App renders the app as expected 1`] = `
<div
  className="pro-finder__container container"
  data-testid="pro-finder__container"
>
  <div
    className="pro-finder__title-row row"
    data-testid="pro-finder__title-row"
  >
    <div
      className="pro-finder__title-col col"
      data-testid="pro-finder__title-col"
    >
      <h1
        className="pro-finder__title"
        data-testid="pro-finder__title"
      >
        Find a Local Professional
      </h1>
    </div>
  </div>
  <div
    className="pro-finder__search-form-row row"
    data-testid="pro-finder__search-form-row"
  >
    <div
      className="pro-finder__search-form-col col"
      data-testid="pro-finder__search-form-col"
    >
      <div
        className="search-form__container"
        data-testid="search-form__container"
      >
        <div
          className="search-form__category-dropdown dropdown"
          data-testid="search-form__category-dropdown"
          onKeyDown={[Function]}
        >
          <button
            aria-expanded={false}
            aria-haspopup={true}
            className="dropdown-toggle btn btn-primary"
            disabled={false}
            onClick={[Function]}
            type="button"
          >
            Choose a category
          </button>
        </div>
        <div
          className="search-form__search-field input-group"
          data-testid="search-form__search-field"
        >
          <input
            aria-label="Enter UK Postcode here..."
            className="search-form__search-field-input form-control"
            data-testid="search-form__search-field-input"
            onChange={[Function]}
            placeholder="Enter UK Postcode here..."
          />
        </div>
        <button
          className="search-form__search-btn btn btn-primary"
          data-testid="search-form__search-btn"
          disabled={false}
          onClick={[Function]}
          type="button"
        >
          Search
        </button>
      </div>
    </div>
  </div>
  <div
    className="row"
    data-testid="pro-finder__search-results-row"
  >
    <div
      className="pro-finder__search-results-table-col col"
      data-testid="pro-finder__search-results-table-col"
    >
      <div
        className="container"
        data-testid="search-form-results__container"
      >
        <div
          className="row"
        >
          <div
            className="col"
          >
            Id
          </div>
          <div
            className="col"
          >
            Name
          </div>
          <div
            className="col"
          >
            Postcode
          </div>
          <div
            className="col"
          >
            Review rating
          </div>
        </div>
      </div>
    </div>
  </div>
  <div
    className="pro-finder__pagination-control-row row"
    data-testid="pro-finder__pagination-control-row"
  >
    <div
      className="pro-finder__pagingation-control-col col"
      data-testid="pro-finder__pagination-control-col"
    >
      <ul
        className="pro-finder__pagination-control pagination"
        data-testid="pro-finder__pagination-control"
      />
    </div>
  </div>
</div>
`;
