// Jest Snapshot v1, https://goo.gl/fbAQLP

exports[`Search Form renders the app as expected 1`] = `
<div
  data-testid="search-form-results__container"
>
  <h1>
    result
  </h1>
  <h1>
    result
  </h1>
  <h1>
    result
  </h1>
  <h1>
    result
  </h1>
  <h1>
    result
  </h1>
  <h1>
    result
  </h1>
  <h1>
    result
  </h1>
  <h1>
    result
  </h1>
  <h1>
    result
  </h1>
  <h1>
    result
  </h1>
  <h1>
    result
  </h1>
  <h1>
    result
  </h1>
  <h1>
    result
  </h1>
  <h1>
    result
  </h1>
  <h1>
    result
  </h1>
  <h1>
    result
  </h1>
  <h1>
    result
  </h1>
  <h1>
    result
  </h1>
  <h1>
    result
  </h1>
  <h1>
    result
  </h1>
  <h1>
    result
  </h1>
  <h1>
    result
  </h1>
  <h1>
    result
  </h1>
  <h1>
    result
  </h1>
  <h1>
    result
  </h1>
  <h1>
    result
  </h1>
  <h1>
    result
  </h1>
  <h1>
    result
  </h1>
  <h1>
    result
  </h1>
  <h1>
    result
  </h1>
  <h1>
    result
  </h1>
  <h1>
    result
  </h1>
  <h1>
    result
  </h1>
  <h1>
    result
  </h1>
  <h1>
    result
  </h1>
  <h1>
    result
  </h1>
  <h1>
    result
  </h1>
  <h1>
    result
  </h1>
  <h1>
    result
  </h1>
  <h1>
    result
  </h1>
  <h1>
    result
  </h1>
  <h1>
    result
  </h1>
  <h1>
    result
  </h1>
  <h1>
    result
  </h1>
  <h1>
    result
  </h1>
  <h1>
    result
  </h1>
  <h1>
    result
  </h1>
  <h1>
    result
  </h1>
  <h1>
    result
  </h1>
</div>
`;
